[0m10:40:18.156241 [debug] [MainThread]: Sending event: {'category': 'dbt', 'action': 'invocation', 'label': 'start', 'context': [<snowplow_tracker.self_describing_json.SelfDescribingJson object at 0x00000234443BCC20>, <snowplow_tracker.self_describing_json.SelfDescribingJson object at 0x0000023441C5CB90>, <snowplow_tracker.self_describing_json.SelfDescribingJson object at 0x0000023446C7B890>]}


============================== 10:40:18.160359 | 0cc2551e-a7a6-4a97-9946-11820b51c97b ==============================
[0m10:40:18.160359 [info ] [MainThread]: Running with dbt=1.12.2
[0m10:40:18.161034 [debug] [MainThread]: running dbt with arguments {'static_parser': 'True', 'no_print': 'None', 'version_check': 'True', 'warn_error_options': 'WarnErrorOptionsV2(error=[], warn=[], silence=[])', 'target_path': 'None', 'maximum_seed_size_mib': '1', 'printer_width': '80', 'write_json': 'True', 'introspect': 'True', 'log_cache_events': 'False', 'empty': 'None', 'cache_selected_only': 'False', 'log_format': 'default', 'debug': 'False', 'fail_fast': 'False', 'profiles_dir': 'C:\\Users\\iyeme\\.dbt', 'send_anonymous_usage_stats': 'True', 'quiet': 'False', 'warn_error': 'None', 'partial_parse': 'True', 'use_colors': 'True', 'hints_enabled': 'True', 'invocation_command': 'dbt init triplens', 'use_experimental_parser': 'False', 'indirect_selection': 'eager', 'log_path': 'logs'}
[0m10:40:18.179631 [info ] [MainThread]: Creating dbt configuration folder at C:\Users\iyeme\.dbt
[0m10:40:18.182493 [debug] [MainThread]: Starter project path: C:\Users\iyeme\Tourism-Triplens_Countries_Explorer-DE\venv\Lib\site-packages\dbt\include\starter_project
[0m10:40:18.210725 [info ] [MainThread]: Setting up your profile.
[0m10:40:53.998126 [debug] [MainThread]: Snowflake adapter: Setting snowflake.connector to ERROR (file logging only)
[0m10:40:53.998646 [debug] [MainThread]: Snowflake adapter: Setting botocore to ERROR (file logging only)
[0m10:40:53.999006 [debug] [MainThread]: Snowflake adapter: Setting boto3 to ERROR (file logging only)
[0m10:50:55.267215 [info ] [MainThread]: Profile triplens written to C:\Users\iyeme\.dbt\profiles.yml using target's profile_template.yml and your supplied values.
[0m10:50:55.282883 [info ] [MainThread]: Running dbt debug to validate the project...
[0m10:50:55.283674 [info ] [MainThread]: dbt version: 1.12.2
[0m10:50:55.284121 [info ] [MainThread]: python version: 3.14.5
[0m10:50:55.284640 [info ] [MainThread]: python path: C:\Users\iyeme\Tourism-Triplens_Countries_Explorer-DE\venv\Scripts\python.exe
[0m10:50:55.285048 [info ] [MainThread]: os info: Windows-11-10.0.26200-SP0
[0m10:50:55.363188 [info ] [MainThread]: Using profiles dir at C:\Users\iyeme\.dbt
[0m10:50:55.363817 [info ] [MainThread]: Using profiles.yml file at C:\Users\iyeme\.dbt\profiles.yml
[0m10:50:55.364279 [info ] [MainThread]: Using dbt_project.yml file at C:\Users\iyeme\Tourism-Triplens_Countries_Explorer-DE\dbt\triplens\dbt_project.yml
[0m10:50:55.365550 [info ] [MainThread]: adapter type: snowflake
[0m10:50:55.366011 [info ] [MainThread]: adapter version: 1.12.0
[0m10:50:55.482098 [info ] [MainThread]: Configuration:
[0m10:50:55.482664 [info ] [MainThread]:   profiles.yml file [[32mOK found and valid[0m]
[0m10:50:55.483115 [info ] [MainThread]:   dbt_project.yml file [[32mOK found and valid[0m]
[0m10:50:55.483515 [info ] [MainThread]: Required dependencies:
[0m10:50:55.483976 [debug] [MainThread]: Executing "git --help"
[0m10:50:55.553074 [debug] [MainThread]: STDOUT: "b"usage: git [-v | --version] [-h | --help] [-C <path>] [-c <name>=<value>]\n           [--exec-path[=<path>]] [--html-path] [--man-path] [--info-path]\n           [-p | --paginate | -P | --no-pager] [--no-replace-objects] [--no-lazy-fetch]\n           [--no-optional-locks] [--no-advice] [--bare] [--git-dir=<path>]\n           [--work-tree=<path>] [--namespace=<name>] [--config-env=<name>=<envvar>]\n           <command> [<args>]\n\nThese are common Git commands used in various situations:\n\nstart a working area (see also: git help tutorial)\n   clone      Clone a repository into a new directory\n   init       Create an empty Git repository or reinitialize an existing one\n\nwork on the current change (see also: git help everyday)\n   add        Add file contents to the index\n   mv         Move or rename a file, a directory, or a symlink\n   restore    Restore working tree files\n   rm         Remove files from the working tree and from the index\n\nexamine the history and state (see also: git help revisions)\n   bisect     Use binary search to find the commit that introduced a bug\n   diff       Show changes between commits, commit and working tree, etc\n   grep       Print lines matching a pattern\n   log        Show commit logs\n   show       Show various types of objects\n   status     Show the working tree status\n\ngrow, mark and tweak your common history\n   backfill   Download missing objects in a partial clone\n   branch     List, create, or delete branches\n   commit     Record changes to the repository\n   history    EXPERIMENTAL: Rewrite history\n   merge      Join two or more development histories together\n   rebase     Reapply commits on top of another base tip\n   reset      Set `HEAD` or the index to a known state\n   switch     Switch branches\n   tag        Create, list, delete or verify tags\n\ncollaborate (see also: git help workflows)\n   fetch      Download objects and refs from another repository\n   pull       Fetch from and integrate with another repository or a local branch\n   push       Update remote refs along with associated objects\n\n'git help -a' and 'git help -g' list available subcommands and some\nconcept guides. See 'git help <command>' or 'git help <concept>'\nto read about a specific subcommand or concept.\nSee 'git help git' for an overview of the system.\n""
[0m10:50:55.553604 [debug] [MainThread]: STDERR: "b''"
[0m10:50:55.553944 [info ] [MainThread]:  - git [[32mOK found[0m]

[0m10:50:55.554381 [info ] [MainThread]: Connection:
[0m10:50:55.554825 [info ] [MainThread]:   account: mmyvold-zs84221
[0m10:50:55.555239 [info ] [MainThread]:   user: brownee
[0m10:50:55.555652 [info ] [MainThread]:   database: triplens
[0m10:50:55.556067 [info ] [MainThread]:   warehouse: COMPUTE_WH
[0m10:50:55.556461 [info ] [MainThread]:   role: ACCOUNTADMIN
[0m10:50:55.556881 [info ] [MainThread]:   schema: raw
[0m10:50:55.557270 [info ] [MainThread]:   authenticator: None
[0m10:50:55.557683 [info ] [MainThread]:   oauth_client_id: None
[0m10:50:55.558067 [info ] [MainThread]:   query_tag: None
[0m10:50:55.558483 [info ] [MainThread]:   client_session_keep_alive: False
[0m10:50:55.558892 [info ] [MainThread]:   host: None
[0m10:50:55.559296 [info ] [MainThread]:   port: None
[0m10:50:55.559696 [info ] [MainThread]:   proxy_host: None
[0m10:50:55.560102 [info ] [MainThread]:   proxy_port: None
[0m10:50:55.560484 [info ] [MainThread]:   protocol: None
[0m10:50:55.560849 [info ] [MainThread]:   connect_retries: 1
[0m10:50:55.561216 [info ] [MainThread]:   connect_timeout: None
[0m10:50:55.561576 [info ] [MainThread]:   retry_on_database_errors: False
[0m10:50:55.561955 [info ] [MainThread]:   retry_all: False
[0m10:50:55.562328 [info ] [MainThread]:   insecure_mode: False
[0m10:50:55.562692 [info ] [MainThread]:   reuse_connections: True
[0m10:50:55.563051 [info ] [MainThread]:   s3_stage_vpce_dns_name: None
[0m10:50:55.563465 [info ] [MainThread]:   workload_identity_provider: None
[0m10:50:55.563875 [info ] [MainThread]:   workload_identity_entra_resource: None
[0m10:50:55.564406 [info ] [MainThread]:   platform_detection_timeout_seconds: 0.0
[0m10:50:55.565213 [info ] [MainThread]: Registered adapter: snowflake=1.12.0
[0m10:50:55.982856 [debug] [MainThread]: Acquiring new snowflake connection 'debug'
[0m10:50:55.985237 [debug] [MainThread]: Using snowflake connection "debug"
[0m10:50:55.985628 [debug] [MainThread]: On debug: select 1 as id
[0m10:50:55.985942 [debug] [MainThread]: Opening a new connection, currently in state init
[0m10:50:57.123924 [debug] [MainThread]: SQL status: SUCCESS 1 in 1.138 seconds
[0m10:50:57.124885 [info ] [MainThread]:   Connection test: [[32mOK connection ok[0m]

[0m10:50:57.125393 [info ] [MainThread]: [32mAll checks passed![0m
[0m10:50:57.125906 [info ] [MainThread]: Your new dbt project "triplens" was created!
Initialized new project in C:\Users\iyeme\Tourism-Triplens_Countries_Explorer-DE\dbt\triplens\triplens

For more information on how to configure the profiles.yml file,
please consult the dbt documentation here:

  https://docs.getdbt.com/docs/configure-your-profile

One more thing:

Need help? Don't hesitate to reach out to us via GitHub issues or on Slack:

  https://community.getdbt.com/

Happy modeling!

[0m10:50:57.126868 [debug] [MainThread]: Command `dbt init` succeeded at 10:50:57.126740 after 639.18 seconds
[0m10:50:57.127210 [debug] [MainThread]: Connection 'debug' was left open.
[0m10:50:57.127540 [debug] [MainThread]: On debug: Close
[0m10:50:57.216075 [debug] [MainThread]: Sending event: {'category': 'dbt', 'action': 'invocation', 'label': 'end', 'context': [<snowplow_tracker.self_describing_json.SelfDescribingJson object at 0x0000023446AB7820>, <snowplow_tracker.self_describing_json.SelfDescribingJson object at 0x00000234419A85F0>, <snowplow_tracker.self_describing_json.SelfDescribingJson object at 0x0000023448A7C490>]}
[0m10:50:57.218815 [debug] [MainThread]: Flushing usage events
[0m10:50:58.009490 [debug] [MainThread]: An error was encountered while trying to flush usage events
